---
source: src/tests/ir.rs
expression: IR

---
; ModuleID = 'main'
source_filename = "main"

define i64 @main() {
main:
  ret i64 1
}

