---
source: src/tests/ir.rs
expression: ir

---
; ModuleID = 'main'
source_filename = "main"

define i64 @main() {
main:
  br i64 1, label %"0", label %"1"

"0":                                              ; preds = %main
  ret i64 2
  br label %"1"

"1":                                              ; preds = %"0", %main
}

